<?xml version="1.0" encoding="UTF-8"?>
<testsuites>
  <testsuite name="" tests="34" assertions="63" errors="0" warnings="0" failures="0" skipped="0" time="4.507818">
    <testsuite name="Unit" tests="33" assertions="62" errors="0" warnings="0" failures="0" skipped="0" time="4.402317">
      <testsuite name="Tests\Unit\CategoryTest" file="D:\programs\OpenServer\domains\restaurantApi\tests\Unit\CategoryTest.php" tests="4" assertions="9" errors="0" warnings="0" failures="0" skipped="0" time="1.845480">
        <testcase name="test_store" class="Tests\Unit\CategoryTest" classname="Tests.Unit.CategoryTest" file="D:\programs\OpenServer\domains\restaurantApi\tests\Unit\CategoryTest.php" line="16" assertions="1" time="1.622454"/>
        <testcase name="test_create" class="Tests\Unit\CategoryTest" classname="Tests.Unit.CategoryTest" file="D:\programs\OpenServer\domains\restaurantApi\tests\Unit\CategoryTest.php" line="30" assertions="4" time="0.094469"/>
        <testcase name="test_delete" class="Tests\Unit\CategoryTest" classname="Tests.Unit.CategoryTest" file="D:\programs\OpenServer\domains\restaurantApi\tests\Unit\CategoryTest.php" line="46" assertions="2" time="0.065087"/>
        <testcase name="test_update" class="Tests\Unit\CategoryTest" classname="Tests.Unit.CategoryTest" file="D:\programs\OpenServer\domains\restaurantApi\tests\Unit\CategoryTest.php" line="58" assertions="2" time="0.063470"/>
      </testsuite>
      <testsuite name="Tests\Unit\CodeTest" file="D:\programs\OpenServer\domains\restaurantApi\tests\Unit\CodeTest.php" tests="3" assertions="3" errors="0" warnings="0" failures="0" skipped="0" time="0.247257">
        <testcase name="test_store" class="Tests\Unit\CodeTest" classname="Tests.Unit.CodeTest" file="D:\programs\OpenServer\domains\restaurantApi\tests\Unit\CodeTest.php" line="20" assertions="1" time="0.089089"/>
        <testcase name="test_delete" class="Tests\Unit\CodeTest" classname="Tests.Unit.CodeTest" file="D:\programs\OpenServer\domains\restaurantApi\tests\Unit\CodeTest.php" line="36" assertions="1" time="0.081959"/>
        <testcase name="test_update" class="Tests\Unit\CodeTest" classname="Tests.Unit.CodeTest" file="D:\programs\OpenServer\domains\restaurantApi\tests\Unit\CodeTest.php" line="46" assertions="1" time="0.076209"/>
      </testsuite>
      <testsuite name="Tests\Ingredient\IngredientTest" file="D:\programs\OpenServer\domains\restaurantApi\tests\Unit\IngredientTest.php" tests="4" assertions="7" errors="0" warnings="0" failures="0" skipped="0" time="0.238749">
        <testcase name="test_store" class="Tests\Ingredient\IngredientTest" classname="Tests.Ingredient.IngredientTest" file="D:\programs\OpenServer\domains\restaurantApi\tests\Unit\IngredientTest.php" line="15" assertions="1" time="0.054734"/>
        <testcase name="test_create" class="Tests\Ingredient\IngredientTest" classname="Tests.Ingredient.IngredientTest" file="D:\programs\OpenServer\domains\restaurantApi\tests\Unit\IngredientTest.php" line="28" assertions="2" time="0.059830"/>
        <testcase name="test_delete" class="Tests\Ingredient\IngredientTest" classname="Tests.Ingredient.IngredientTest" file="D:\programs\OpenServer\domains\restaurantApi\tests\Unit\IngredientTest.php" line="42" assertions="2" time="0.061344"/>
        <testcase name="test_update" class="Tests\Ingredient\IngredientTest" classname="Tests.Ingredient.IngredientTest" file="D:\programs\OpenServer\domains\restaurantApi\tests\Unit\IngredientTest.php" line="54" assertions="2" time="0.062841"/>
      </testsuite>
      <testsuite name="Tests\Unit\ProductTest" file="D:\programs\OpenServer\domains\restaurantApi\tests\Unit\ProductTest.php" tests="4" assertions="8" errors="0" warnings="0" failures="0" skipped="0" time="0.310582">
        <testcase name="test_store" class="Tests\Unit\ProductTest" classname="Tests.Unit.ProductTest" file="D:\programs\OpenServer\domains\restaurantApi\tests\Unit\ProductTest.php" line="17" assertions="1" time="0.074244"/>
        <testcase name="test_create" class="Tests\Unit\ProductTest" classname="Tests.Unit.ProductTest" file="D:\programs\OpenServer\domains\restaurantApi\tests\Unit\ProductTest.php" line="39" assertions="3" time="0.071175"/>
        <testcase name="test_delete" class="Tests\Unit\ProductTest" classname="Tests.Unit.ProductTest" file="D:\programs\OpenServer\domains\restaurantApi\tests\Unit\ProductTest.php" line="54" assertions="2" time="0.079374"/>
        <testcase name="test_update" class="Tests\Unit\ProductTest" classname="Tests.Unit.ProductTest" file="D:\programs\OpenServer\domains\restaurantApi\tests\Unit\ProductTest.php" line="66" assertions="2" time="0.085790"/>
      </testsuite>
      <testsuite name="Tests\Review\ReviewTest" file="D:\programs\OpenServer\domains\restaurantApi\tests\Unit\ReviewTest.php" tests="4" assertions="7" errors="0" warnings="0" failures="0" skipped="0" time="0.679609">
        <testcase name="test_store" class="Tests\Review\ReviewTest" classname="Tests.Review.ReviewTest" file="D:\programs\OpenServer\domains\restaurantApi\tests\Unit\ReviewTest.php" line="24" assertions="1" time="0.171345"/>
        <testcase name="test_create" class="Tests\Review\ReviewTest" classname="Tests.Review.ReviewTest" file="D:\programs\OpenServer\domains\restaurantApi\tests\Unit\ReviewTest.php" line="39" assertions="2" time="0.173906"/>
        <testcase name="test_delete" class="Tests\Review\ReviewTest" classname="Tests.Review.ReviewTest" file="D:\programs\OpenServer\domains\restaurantApi\tests\Unit\ReviewTest.php" line="53" assertions="2" time="0.179330"/>
        <testcase name="test_update" class="Tests\Review\ReviewTest" classname="Tests.Review.ReviewTest" file="D:\programs\OpenServer\domains\restaurantApi\tests\Unit\ReviewTest.php" line="65" assertions="2" time="0.155028"/>
      </testsuite>
      <testsuite name="Tests\Unit\RoleTest" file="D:\programs\OpenServer\domains\restaurantApi\tests\Unit\RoleTest.php" tests="3" assertions="5" errors="0" warnings="0" failures="0" skipped="0" time="0.163322">
        <testcase name="test_create" class="Tests\Unit\RoleTest" classname="Tests.Unit.RoleTest" file="D:\programs\OpenServer\domains\restaurantApi\tests\Unit\RoleTest.php" line="14" assertions="3" time="0.039080"/>
        <testcase name="test_delete" class="Tests\Unit\RoleTest" classname="Tests.Unit.RoleTest" file="D:\programs\OpenServer\domains\restaurantApi\tests\Unit\RoleTest.php" line="29" assertions="1" time="0.065745"/>
        <testcase name="test_update" class="Tests\Unit\RoleTest" classname="Tests.Unit.RoleTest" file="D:\programs\OpenServer\domains\restaurantApi\tests\Unit\RoleTest.php" line="41" assertions="1" time="0.058497"/>
      </testsuite>
      <testsuite name="Tests\Table\TableTest" file="D:\programs\OpenServer\domains\restaurantApi\tests\Unit\TableTest.php" tests="4" assertions="7" errors="0" warnings="0" failures="0" skipped="0" time="0.292435">
        <testcase name="test_store" class="Tests\Table\TableTest" classname="Tests.Table.TableTest" file="D:\programs\OpenServer\domains\restaurantApi\tests\Unit\TableTest.php" line="17" assertions="1" time="0.063935"/>
        <testcase name="test_create" class="Tests\Table\TableTest" classname="Tests.Table.TableTest" file="D:\programs\OpenServer\domains\restaurantApi\tests\Unit\TableTest.php" line="31" assertions="2" time="0.067664"/>
        <testcase name="test_delete" class="Tests\Table\TableTest" classname="Tests.Table.TableTest" file="D:\programs\OpenServer\domains\restaurantApi\tests\Unit\TableTest.php" line="45" assertions="2" time="0.077117"/>
        <testcase name="test_update" class="Tests\Table\TableTest" classname="Tests.Table.TableTest" file="D:\programs\OpenServer\domains\restaurantApi\tests\Unit\TableTest.php" line="57" assertions="2" time="0.083719"/>
      </testsuite>
      <testsuite name="Tests\Unit\UnitTest" file="D:\programs\OpenServer\domains\restaurantApi\tests\Unit\UnitTest.php" tests="4" assertions="7" errors="0" warnings="0" failures="0" skipped="0" time="0.244744">
        <testcase name="test_store" class="Tests\Unit\UnitTest" classname="Tests.Unit.UnitTest" file="D:\programs\OpenServer\domains\restaurantApi\tests\Unit\UnitTest.php" line="15" assertions="1" time="0.058402"/>
        <testcase name="test_create" class="Tests\Unit\UnitTest" classname="Tests.Unit.UnitTest" file="D:\programs\OpenServer\domains\restaurantApi\tests\Unit\UnitTest.php" line="28" assertions="2" time="0.059174"/>
        <testcase name="test_delete" class="Tests\Unit\UnitTest" classname="Tests.Unit.UnitTest" file="D:\programs\OpenServer\domains\restaurantApi\tests\Unit\UnitTest.php" line="42" assertions="2" time="0.063107"/>
        <testcase name="test_update" class="Tests\Unit\UnitTest" classname="Tests.Unit.UnitTest" file="D:\programs\OpenServer\domains\restaurantApi\tests\Unit\UnitTest.php" line="54" assertions="2" time="0.064061"/>
      </testsuite>
      <testsuite name="Tests\Unit\UserTest" file="D:\programs\OpenServer\domains\restaurantApi\tests\Unit\UserTest.php" tests="3" assertions="9" errors="0" warnings="0" failures="0" skipped="0" time="0.380138">
        <testcase name="test_create" class="Tests\Unit\UserTest" classname="Tests.Unit.UserTest" file="D:\programs\OpenServer\domains\restaurantApi\tests\Unit\UserTest.php" line="16" assertions="5" time="0.251898"/>
        <testcase name="test_delete" class="Tests\Unit\UserTest" classname="Tests.Unit.UserTest" file="D:\programs\OpenServer\domains\restaurantApi\tests\Unit\UserTest.php" line="33" assertions="1" time="0.069528"/>
        <testcase name="test_update" class="Tests\Unit\UserTest" classname="Tests.Unit.UserTest" file="D:\programs\OpenServer\domains\restaurantApi\tests\Unit\UserTest.php" line="45" assertions="3" time="0.058712"/>
      </testsuite>
    </testsuite>
    <testsuite name="Feature" tests="1" assertions="1" errors="0" warnings="0" failures="0" skipped="0" time="0.105501">
      <testsuite name="Tests\Feature\ExampleTest" file="D:\programs\OpenServer\domains\restaurantApi\tests\Feature\ExampleTest.php" tests="1" assertions="1" errors="0" warnings="0" failures="0" skipped="0" time="0.105501">
        <testcase name="test_example" class="Tests\Feature\ExampleTest" classname="Tests.Feature.ExampleTest" file="D:\programs\OpenServer\domains\restaurantApi\tests\Feature\ExampleTest.php" line="15" assertions="1" time="0.105501"/>
      </testsuite>
    </testsuite>
  </testsuite>
</testsuites>
